Microchip MPLAB XC8 Compiler V1.41 ()

Linker command line:

-W-3 --edf=C:\Program Files\Microchip\xc8\v1.41\dat\en_msgs.txt -cs \
  -h+dist/default/production\atemi.production.sym \
  --cmf=dist/default/production\atemi.production.cmf -z -Q16F84A \
  -oC:\Temp\s18o.2 -Mdist/default/production/atemi.production.map -E1 \
  -ver=XC8 -ASTACK=013h-04dh -pstack=STACK -ACODE=00h-03FFh \
  -ASTRCODE=00h-03FFh -ASTRING=00h-0FFhx4 -ACONST=00h-0FFhx4 \
  -AENTRY=00h-0FFhx4 -ABANK0=0Ch-04Dh -ARAM=0Ch-04Dh -AABS1=0Ch-04Fh \
  -ACOMMON=04Eh-04Fh -ASFR0=00h-0Bh -ASFR1=080h-0CDh \
  -preset_vec=00h,intentry,init,end_init -ppowerup=CODE -pcinit=CODE \
  -pfunctab=CODE -ACONFIG=02007h-02007h -pconfig=CONFIG -DCONFIG=2 \
  -AIDLOC=02000h-02003h -pidloc=IDLOC -DIDLOC=2 -AEEDATA=00h-03Fh/02100h \
  -peeprom_data=EEDATA -DEEDATA=2 -DCODE=2 -DSTRCODE=2 -DSTRING=2 -DCONST=2 \
  -DENTRY=2 -k C:\Temp\s18o.obj \
  dist/default/production\atemi.production.obj 

Object code version is 3.11

Machine type is 16F84A



                Name                               Link     Load   Length Selector   Space Scale
C:\Temp\s18o.obj
                end_init                              0        0        1        0       0
                config                             2007     2007        1     400E       0
dist/default/production\atemi.production.obj
                cinit                               3F8      3F8        8      7F0       0
                maintext                            37C      37C       7C      6F8       0
                cstackBANK0                          12       12        1        C       1
                dataBANK0                            11       11        1        C       1
                bssBANK0                              C        C        4        C       1
                nvBANK0                              10       10        1        C       1
                idataBANK0                          37B      37B        1      6F6       0

TOTAL           Name                               Link     Load   Length     Space
        CLASS   STACK          

        CLASS   CODE           
                end_init                              0        0        1         0
                cinit                               3F8      3F8        8         0
                maintext                            37C      37C       7C         0
                idataBANK0                          37B      37B        1         0

        CLASS   STRCODE        

        CLASS   STRING         

        CLASS   CONST          

        CLASS   ENTRY          

        CLASS   BANK0          
                cstackBANK0                          12       12        1         1
                dataBANK0                            11       11        1         1
                bssBANK0                              C        C        4         1
                nvBANK0                              10       10        1         1

        CLASS   RAM            

        CLASS   ABS1           
                abs_s1                               4E       4E        2         1

        CLASS   COMMON         

        CLASS   SFR0           

        CLASS   SFR1           

        CLASS   CONFIG         
                config                             2007     2007        1         0

        CLASS   IDLOC          

        CLASS   EEDATA         

        CLASS   BANK1          



SEGMENTS        Name                           Load    Length   Top    Selector   Space  Class     Delta

                reset_vec                      000000  000001  000001         0       0  CODE        2
                bssBANK0                       00000C  000007  000013         C       1  BANK0       1
                idataBANK0                     00037B  000001  00037C       6F6       0  CODE        2
                maintext                       00037C  00007C  0003F8       6F8       0  CODE        2
                cinit                          0003F8  000008  000400       7F0       0  CODE        2
                config                         002007  000001  002008      400E       0  CONFIG      2


UNUSED ADDRESS RANGES

        Name                Unused          Largest block    Delta
        BANK0            0013-004D             3B           1
        CODE             0001-037A            37A           2
        CONST            0001-037A            100           2
        EEDATA           2100-213F             40           2
        ENTRY            0001-037A            100           2
        IDLOC            2000-2003              4           2
        RAM              0013-004D             3B           1
        SFR0             0000-000B              C           1
        SFR1             0080-00CD             4E           1
        STACK            0013-004D             3B           1
        STRCODE          0001-037A            37A           2
        STRING           0001-037A            100           2

                                  Symbol Table

_PORTA                   (abs)       0005
_PORTB                   (abs)       0006
_RA0                     (abs)       0028
_RB0                     (abs)       0030
_RB1                     (abs)       0031
_RB2                     (abs)       0032
_TRISA                   (abs)       0085
_TRISB                   (abs)       0086
__CFG_CP$OFF             (abs)       0000
__CFG_FOSC$HS            (abs)       0000
__CFG_PWRTE$OFF          (abs)       0000
__CFG_WDTE$OFF           (abs)       0000
__Habs1                  abs1        0000
__Hbank0                 bank0       0000
__Hbank1                 bank1       0000
__HbssBANK0              bssBANK0    0000
__Hcinit                 cinit       0400
__Hclrtext               clrtext     0000
__Hcode                  code        0000
__Hcommon                common      0000
__Hconfig                config      2008
__HcstackBANK0           cstackBANK0 0000
__HdataBANK0             dataBANK0   0000
__Heeprom_data           eeprom_data 0000
__Hend_init              end_init    0001
__Hfunctab               functab     0000
__HidataBANK0            idataBANK0  0000
__Hidloc                 idloc       0000
__Hinit                  init        0000
__Hintentry              intentry    0000
__Hmaintext              maintext    0000
__HnvBANK0               nvBANK0     0000
__Hpowerup               powerup     0000
__Hram                   ram         0000
__Hreset_vec             reset_vec   0000
__Hsfr0                  sfr0        0000
__Hsfr1                  sfr1        0000
__Hspace_0               (abs)       2008
__Hspace_1               (abs)       0013
__Hspace_2               (abs)       0000
__Hspace_3               (abs)       0000
__Hstack                 stack       0000
__Hstrings               strings     0000
__Htext                  text        0000
__Labs1                  abs1        0000
__Lbank0                 bank0       0000
__Lbank1                 bank1       0000
__LbssBANK0              bssBANK0    0000
__Lcinit                 cinit       03F8
__Lclrtext               clrtext     0000
__Lcode                  code        0000
__Lcommon                common      0000
__Lconfig                config      2007
__LcstackBANK0           cstackBANK0 0000
__LdataBANK0             dataBANK0   0000
__Leeprom_data           eeprom_data 0000
__Lend_init              end_init    0000
__Lfunctab               functab     0000
__LidataBANK0            idataBANK0  0000
__Lidloc                 idloc       0000
__Linit                  init        0000
__Lintentry              intentry    0000
__Lmaintext              maintext    0000
__LnvBANK0               nvBANK0     0000
__Lpowerup               powerup     0000
__Lram                   ram         0000
__Lreset_vec             reset_vec   0000
__Lsfr0                  sfr0        0000
__Lsfr1                  sfr1        0000
__Lspace_0               (abs)       0000
__Lspace_1               (abs)       0000
__Lspace_2               (abs)       0000
__Lspace_3               (abs)       0000
__Lstack                 stack       0000
__Lstrings               strings     0000
__Ltext                  text        0000
__S0                     (abs)       2008
__S1                     (abs)       0013
__S2                     (abs)       0000
__S3                     (abs)       0000
___int_sp                stack       0000
___latbits               (abs)       0000
___sp                    stack       0000
__end_of__initialization cinit       03FE
__end_of_main            maintext    03F8
__initialization         cinit       03F8
__pbssBANK0              bssBANK0    000C
__pcstackBANK0           cstackBANK0 0012
__pdataBANK0             dataBANK0   0011
__pidataBANK0            idataBANK0  037B
__pmaintext              maintext    037C
__pnvBANK0               nvBANK0     0010
__size_of_main           (abs)       0000
_cmd1                    bssBANK0    000D
_cmd2                    bssBANK0    000C
_cnt                     bssBANK0    000F
_main                    maintext    037C
_prot                    dataBANK0   0011
_prt                     nvBANK0     0010
_speed                   bssBANK0    000E
btemp                    (abs)       004E
end_of_initialization    cinit       03FE
intlevel0                functab     0000
intlevel1                functab     0000
intlevel2                functab     0000
intlevel3                functab     0000
intlevel4                functab     0000
intlevel5                functab     0000
reset_vec                reset_vec   0000
stackhi                  (abs)       0000
stacklo                  (abs)       0000
start                    init        0000
start_initialization     cinit       03F8
wtemp0                   (abs)       004E


FUNCTION INFORMATION:

 *************** function _main *****************
 Defined at:
		line 25 in file "atemi.c"
 Parameters:    Size  Location     Type
		None
 Auto vars:     Size  Location     Type
		None
 Return value:  Size  Location     Type
                  1    wreg      void 
 Registers used:
		wreg, status,2, status,0
 Tracked objects:
		On entry : 
		On exit  : 
		Unchanged: 
 Data sizes:     COMMON   BANK0
      Params:         0       0
      Locals:         0       0
      Temps:          0       1
      Totals:         0       1
Total ram usage:        1 bytes
 This function calls:
		Nothing
 This function is called by:
		Startup code after reset
 This function uses a non-reentrant model



MODULE INFORMATION

Module		Function		Class		Link	Load	Size
atemi.c
		_main          		CODE           	037C	0000	125

atemi.c estimated size: 125

shared
		__initialization		CODE           	03F8	0000	7

shared estimated size: 7

